{
  "version": "1.4.0",
  "plugins_used": [
    {"name": "AWSKeyDetector"},
    {"name": "AzureStorageKeyDetector"},
    {"name": "BasicAuthDetector"},
    {"name": "CloudantDetector"},
    {"name": "DiscordBotTokenDetector"},
    {"name": "GitHubTokenDetector"},
    {"name": "Base64HighEntropyString", "limit": 4.5},
    {"name": "HexHighEntropyString", "limit": 3.0},
    {"name": "IbmCloudIamDetector"},
    {"name": "IbmCosHmacDetector"},
    {"name": "JwtTokenDetector"},
    {"name": "MailchimpDetector"},
    {"name": "NpmDetector"},
    {"name": "PrivateKeyDetector"},
    {"name": "SendGridDetector"},
    {"name": "SlackDetector"},
    {"name": "SoftlayerDetector"},
    {"name": "SquareOAuthDetector"},
    {"name": "StripeDetector"},
    {"name": "TwilioKeyDetector"}
  ],
  "filters_used": [
    {"path": "detect_secrets.filters.allowlist.is_line_allowlisted"},
    {"path": "detect_secrets.filters.common.is_baseline_file", "filename": ".secrets.baseline"},
    {"path": "detect_secrets.filters.common.is_ignored_due_to_verification_policies", "min_level": 2},
    {"path": "detect_secrets.filters.heuristic.is_indirect_reference"},
    {"path": "detect_secrets.filters.heuristic.is_likely_id_string"},
    {"path": "detect_secrets.filters.heuristic.is_lock_file"},
    {"path": "detect_secrets.filters.heuristic.is_not_alphanumeric_string"},
    {"path": "detect_secrets.filters.heuristic.is_potential_uuid"},
    {"path": "detect_secrets.filters.heuristic.is_prefixed_with_dollar_sign"},
    {"path": "detect_secrets.filters.heuristic.is_sequential_string"},
    {"path": "detect_secrets.filters.heuristic.is_swagger_file"},
    {"path": "detect_secrets.filters.heuristic.is_templated_secret"}
  ],
  "results": {
    "docs/release/compatibility_matrix.md": [
      {"type": "Hex High Entropy String", "filename": "docs/release/compatibility_matrix.md", "hashed_secret": "4cf6c58c077b0bcc9f4bdf4494f7ae95d06defb0", "is_verified": false, "line_number": 60},
      {"type": "Hex High Entropy String", "filename": "docs/release/compatibility_matrix.md", "hashed_secret": "1e9cd48fe3a7470c618e9d010a9700ec4626a8c5", "is_verified": false, "line_number": 62},
      {"type": "Hex High Entropy String", "filename": "docs/release/compatibility_matrix.md", "hashed_secret": "2637eff1f3afb437703bde3d73f70f3ae254699a", "is_verified": false, "line_number": 67},
      {"type": "Hex High Entropy String", "filename": "docs/release/compatibility_matrix.md", "hashed_secret": "26cab7a9e427ab8538a7dfd0e9039b8d5e012459", "is_verified": false, "line_number": 70}
    ]
  },
  "generated_at": "2026-01-28T11:35:00Z"
}
