{
  "version": "1.4.0",
  "plugins_used": [
    {"name": "AWSKeyDetector"},
    {"name": "AzureStorageKeyDetector"},
    {"name": "BasicAuthDetector"},
    {"name": "CloudantDetector"},
    {"name": "DiscordBotTokenDetector"},
    {"name": "GitHubTokenDetector"},
    {"name": "Base64HighEntropyString", "limit": 4.5},
    {"name": "HexHighEntropyString", "limit": 3.0},
    {"name": "IbmCloudIamDetector"},
    {"name": "IbmCosHmacDetector"},
    {"name": "JwtTokenDetector"},
    {"name": "MailchimpDetector"},
    {"name": "NpmDetector"},
    {"name": "PrivateKeyDetector"},
    {"name": "SendGridDetector"},
    {"name": "SlackDetector"},
    {"name": "SoftlayerDetector"},
    {"name": "SquareOAuthDetector"},
    {"name": "StripeDetector"},
    {"name": "TwilioKeyDetector"}
  ],
  "filters_used": [
    {"path": "detect_secrets.filters.allowlist.is_line_allowlisted"},
    {"path": "detect_secrets.filters.common.is_baseline_file", "filename": ".secrets.baseline"},
    {"path": "detect_secrets.filters.common.is_ignored_due_to_verification_policies", "min_level": 2},
    {"path": "detect_secrets.filters.heuristic.is_indirect_reference"},
    {"path": "detect_secrets.filters.heuristic.is_likely_id_string"},
    {"path": "detect_secrets.filters.heuristic.is_lock_file"},
    {"path": "detect_secrets.filters.heuristic.is_not_alphanumeric_string"},
    {"path": "detect_secrets.filters.heuristic.is_potential_uuid"},
    {"path": "detect_secrets.filters.heuristic.is_prefixed_with_dollar_sign"},
    {"path": "detect_secrets.filters.heuristic.is_sequential_string"},
    {"path": "detect_secrets.filters.heuristic.is_swagger_file"},
    {"path": "detect_secrets.filters.heuristic.is_templated_secret"}
  ],
  "results": {
    "docs/release/compatibility_matrix.md": [
      {"type": "Hex High Entropy String", "filename": "docs/release/compatibility_matrix.md", "hashed_secret": "3ff9efad2c03fdbefe4ce22e40504179c030f229", "is_verified": false, "line_number": 60},
      {"type": "Hex High Entropy String", "filename": "docs/release/compatibility_matrix.md", "hashed_secret": "93bf2c2d6e2daa99467c0a9f7bd5565202c9ce35", "is_verified": false, "line_number": 62},
      {"type": "Hex High Entropy String", "filename": "docs/release/compatibility_matrix.md", "hashed_secret": "bef24a8d34eef1e5d5ebe76706c89b8fd9e2a492", "is_verified": false, "line_number": 67},
      {"type": "Hex High Entropy String", "filename": "docs/release/compatibility_matrix.md", "hashed_secret": "b8738270f5319378fd75229c9876cc054dc50db1", "is_verified": false, "line_number": 70}
    ]
  },
  "generated_at": "2026-09-22T07:50:31Z"
}
